// Jest Snapshot v1, https://goo.gl/fbAQLP

exports[`actionsAccount actionCreatorUpdateAuth 1`] = `
Object {
  "payload": undefined,
  "type": "UPDATE_FAVORITE",
}
`;

exports[`actionsAuthentication actionCreatorUpdateAuth 1`] = `
Object {
  "payload": Object {
    "session_id": 1,
    "user": 1,
  },
  "type": "UPDATE_AUTH",
}
`;
